
> aroma-verse@0.0.0 build
> vite build

[36mvite v5.4.19 [32mbuilding for production...[36m[39m
transforming...
node.exe : 
Browserslist: browsers 
data (caniuse-lite) is 
10 months old. Please 
run:
Au caractère Ligne:1 : 
1
+ & "C:\Program 
Files\nodejs/node.exe" 
"C:\Program 
Files\nodejs/node_mo 
...
+ ~~~~~~~~~~~~~~~~~~~~~
~~~~~~~~~~~~~~~~~~~~~~~
~~~~~~~~~~~~~~~~~~~~~~~
~~
    + CategoryInfo     
         : 
NotSpecified: (B    
rowserslist: b...ld.   
  Please run::String) 
[    ], RemoteException
    + 
FullyQualifiedError    
Id : NativeCommandErr  
  or
 
  npx update-browsersli
st-db@latest
  Why you should do it 
regularly: https://gith
ub.com/browserslist/upd
ate-db#readme
[33m[vite:css] 
@import must precede 
all other statements 
(besides @charset or 
empty @layer)
3  |  @tailwind 
utilities;
4  |  
5  |  @import url('http
s://fonts.googleapis.co
m/css2?family=Playfair+
Display:ital,wght@0,400
;0,500;0,600;0,700;1,40
0;1,500&family=Inter:wg
ht@300;400;500;600;700&
family=Noto+Sans+Arabic
:wght@300;400;500;600;7
00&display=swap');
   |  ^^^^^^^^^^^^^^^^^
^^^^^^^^^^^^^^^^^^^^^^^
^^^^^^^^^^^^^^^^^^^^^^^
^^^^^^^^^^^^^^^^^^^^^^^
^^^^^^^^^^^^^^^^^^^^^^^
^^^^^^^^^^^^^^^^^^^^^^^
^^^^^^^^^^^^^^^^^^^^^^^
^^^^^^^^^^^^^^^^^^^^^^^
^^^^^^^^^^^^^^^^^^^^^^^
^^^^^^^^^^^^^^^^^^
6  |  
7  |  @layer base 
{[39m
[32mÔ£ô[39m 1743 modules transformed.
[31mx[39m Build 
failed in 4.81s
[31merror during 
build:
[31msrc/components/Foo
ter.tsx (3:9): "Logo" 
is not exported by "src
/components/Logo.tsx", 
imported by "src/compon
ents/Footer.tsx".[31m
file: [36mC:/Users/PC/
.gemini/antigravity/scr
atch/aroma-verse/src/co
mponents/Footer.tsx:3:9
[31m
[33m
1: import { Link } 
from 
"react-router-dom";
2: import { Globe, 
ShieldCheck, Phone, 
Instagram, Twitter, 
Linkedin, 
MessageSquare } from 
"lucide-react";
3: import { Logo } 
from "./Logo";
            ^
4: import { useLang } 
from "@/contexts/Langua
geContext";
[31m
    at getRollupError (
file:///C:/Users/PC/.ge
mini/antigravity/scratc
h/aroma-verse/node_modu
les/rollup/dist/es/shar
ed/parseAst.js:395:41)
    at error (file:///C
:/Users/PC/.gemini/anti
gravity/scratch/aroma-v
erse/node_modules/rollu
p/dist/es/shared/parseA
st.js:391:42)
    at Module.error (fi
le:///C:/Users/PC/.gemi
ni/antigravity/scratch/
aroma-verse/node_module
s/rollup/dist/es/shared
/node-entry.js:15535:16
)
    at 
Module.traceVariable (f
ile:///C:/Users/PC/.gem
ini/antigravity/scratch
/aroma-verse/node_modul
es/rollup/dist/es/share
d/node-entry.js:15984:2
9)
    at ModuleScope.find
Variable (file:///C:/Us
ers/PC/.gemini/antigrav
ity/scratch/aroma-verse
/node_modules/rollup/di
st/es/shared/node-entry
.js:13770:39)
    at ReturnValueScope
.findVariable (file:///
C:/Users/PC/.gemini/ant
igravity/scratch/aroma-
verse/node_modules/roll
up/dist/es/shared/node-
entry.js:5252:38)
    at FunctionBodyScop
e.findVariable (file://
/C:/Users/PC/.gemini/an
tigravity/scratch/aroma
-verse/node_modules/rol
lup/dist/es/shared/node
-entry.js:5252:38)
    at Identifier.bind 
(file:///C:/Users/PC/.g
emini/antigravity/scrat
ch/aroma-verse/node_mod
ules/rollup/dist/es/sha
red/node-entry.js:5035:
40)
    at 
CallExpression.bind (fi
le:///C:/Users/PC/.gemi
ni/antigravity/scratch/
aroma-verse/node_module
s/rollup/dist/es/shared
/node-entry.js:2851:28)
    at 
CallExpression.bind (fi
le:///C:/Users/PC/.gemi
ni/antigravity/scratch/
aroma-verse/node_module
s/rollup/dist/es/shared
/node-entry.js:11235:15
)[39m
